TOKEN201907251426_SECONDTOKEN201907251426_FIRSTTOKEN201907251426_LAST
