/usr/local/bin/bash: line 1: no_such_file: No such file or directory
