TOKEN201906152202_SUBSHELL
TOKEN201906152202_PARENT
