shell: command not found: (setenv
Numeric argument required
