"TOKEN201906171423_VALUE"TOKEN201906171423_VALUE'TOKEN201906171423_VALUE'
