TOKEN201906152202_SUBSHELL
PWD:/:PWD
TOKEN201906152202_PARENT
