shell: command not found: TOKEN201906152202_NAME=TOKEN201906152202_VALUE
Numeric argument required
