/Users/hugohow-choong/42/42sh/tests/tmp/TOKEN201906180034_OTHERDIRECTORY
