/Users/hugohow-choong/42/42sh/tests/tmp/TOKEN201906181555_SUBDIRECTORY
