/Users/hugohow-choong/42/42sh/tests/tmp/TOKEN201906201637_SUBDIRECTORY
