/Users/hugohow-choong/42/42sh/tests/tmp
command : cd ./TOKEN201906241721_SUBDIRECTORY
command : /Users/hugohow-choong/42/42sh/tests/tmp/write_on_stdout ~-
