/TOKEN201906241721/TOKEN201906241721_SUBDIRECTORY
command : ./write_on_stdout ~/TOKEN201906241721_SUBDIRECTORY
