/TOKEN201906210216/TOKEN201906210216_SUBDIRECTORY
