/usr/local/bin/bash: line 1: cd: permission_denied: Permission denied
