declare -x Apple_PubSub_Socket_Render="/private/tmp/com.apple.launchd.aLw2PvgC71/Render"
declare -x HOME="/Users/hugohow-choong"
declare -x LANG="en_US.UTF-8"
declare -x LC_CTYPE="en_US.UTF-8"
declare -x LESS="-R"
declare -x LOGNAME="hugohow-choong"
declare -x LSCOLORS="Gxfxcxdxbxegedabagacad"
declare -x MAKEFLAGS=""
declare -x MAKELEVEL="1"
declare -x MFLAGS=""
declare -x OLDPWD="/Users/hugohow-choong/42/42sh/tests"
declare -x PAGER="less"
declare -x PATH="/usr/local/bin:/usr/bin:/bin:/usr/sbin:/sbin:/Applications/Wireshark.app/Contents/MacOS"
declare -x PWD="/Users/hugohow-choong/42/42sh/tests/tmp"
declare -x SECURITYSESSIONID="186a7"
declare -x SHELL="/bin/zsh"
declare -x SHLVL="4"
declare -x SSH_AUTH_SOCK="/private/tmp/com.apple.launchd.1mMa91litE/Listeners"
declare -x TERM="xterm-256color"
declare -x TERM_PROGRAM="Apple_Terminal"
declare -x TERM_PROGRAM_VERSION="388.1.3"
declare -x TERM_SESSION_ID="A1AD0DF9-88D3-49A3-ABE5-F172FEE619E3"
declare -x TMPDIR="/var/folders/7f/9kzlj6h169359rtzggmmg31c0000gn/T/"
declare -x USER="hugohow-choong"
declare -x XPC_FLAGS="0x0"
declare -x XPC_SERVICE_NAME="0"
declare -x ZSH="/Users/hugohow-choong/.oh-my-zsh"
declare -x __CF_USER_TEXT_ENCODING="0x1F5:0x0:0x1"
