------------------------------
SHELL=/bin/zsh
LSCOLORS=Gxfxcxdxbxegedabagacad
LESS=-R
XPC_FLAGS=0x0
TERM_PROGRAM_VERSION=388.1.3
SSH_AUTH_SOCK=/private/tmp/com.apple.launchd.1mMa91litE/Listeners
TERM_SESSION_ID=9180A2BF-968A-4C7E-BB2F-6420A7E89024
PWD=/Users/hugohow-choong/42/42sh/tests/tmp
LOGNAME=hugohow-choong
HOME=/Users/hugohow-choong
LANG=en_US.UTF-8
SECURITYSESSIONID=186a7
TMPDIR=/var/folders/7f/9kzlj6h169359rtzggmmg31c0000gn/T/
MFLAGS=
MAKEFLAGS=
TERM=xterm-256color
ZSH=/Users/hugohow-choong/.oh-my-zsh
USER=hugohow-choong
SHLVL=3
PAGER=less
MAKELEVEL=1
TEST2VAR10=VALUE_TOKEN201906192344_10
XPC_SERVICE_NAME=0
LC_CTYPE=en_US.UTF-8
Apple_PubSub_Socket_Render=/private/tmp/com.apple.launchd.aLw2PvgC71/Render
PATH=/usr/local/bin:/usr/bin:/bin:/usr/sbin:/sbin:/Applications/Wireshark.app/Contents/MacOS
TEST2VAR1=VALUE_TOKEN201906192344_1
TEST2VAR2=VALUE_TOKEN201906192344_2
TEST2VAR3=VALUE_TOKEN201906192344_3
TEST2VAR4=VALUE_TOKEN201906192344_4
TEST2VAR5=VALUE_TOKEN201906192344_5
TEST2VAR6=VALUE_TOKEN201906192344_6
TEST2VAR7=VALUE_TOKEN201906192344_7
TEST2VAR8=VALUE_TOKEN201906192344_8
TEST2VAR9=VALUE_TOKEN201906192344_9
OLDPWD=/Users/hugohow-choong/42/42sh/tests
__CF_USER_TEXT_ENCODING=0x1F5:0x0:0x1
TERM_PROGRAM=Apple_Terminal
_=/Users/hugohow-choong/42/42sh/minishell
TESTVAR1=VALUE_TOKEN201906192344_1
TESTVAR2=VALUE_TOKEN201906192344_2
TESTVAR3=VALUE_TOKEN201906192344_3
TESTVAR4=VALUE_TOKEN201906192344_4
TESTVAR5=VALUE_TOKEN201906192344_5
TESTVAR6=VALUE_TOKEN201906192344_6
TESTVAR7=VALUE_TOKEN201906192344_7
TESTVAR8=VALUE_TOKEN201906192344_8
TESTVAR9=VALUE_TOKEN201906192344_9
TESTVAR10=VALUE_TOKEN201906192344_10
------------------------------
TOTAL ENVIRONMENT VARIABLES: 49
------------------------------
SHELL=/bin/zsh
LSCOLORS=Gxfxcxdxbxegedabagacad
LESS=-R
XPC_FLAGS=0x0
TERM_PROGRAM_VERSION=388.1.3
SSH_AUTH_SOCK=/private/tmp/com.apple.launchd.1mMa91litE/Listeners
TERM_SESSION_ID=9180A2BF-968A-4C7E-BB2F-6420A7E89024
PWD=/Users/hugohow-choong/42/42sh/tests/tmp
LOGNAME=hugohow-choong
HOME=/Users/hugohow-choong
LANG=en_US.UTF-8
SECURITYSESSIONID=186a7
TMPDIR=/var/folders/7f/9kzlj6h169359rtzggmmg31c0000gn/T/
MFLAGS=
MAKEFLAGS=
TERM=xterm-256color
ZSH=/Users/hugohow-choong/.oh-my-zsh
USER=hugohow-choong
SHLVL=3
PAGER=less
MAKELEVEL=1
TEST2VAR10=VALUE_TOKEN201906192344_10
XPC_SERVICE_NAME=0
LC_CTYPE=en_US.UTF-8
Apple_PubSub_Socket_Render=/private/tmp/com.apple.launchd.aLw2PvgC71/Render
PATH=/usr/local/bin:/usr/bin:/bin:/usr/sbin:/sbin:/Applications/Wireshark.app/Contents/MacOS
TEST2VAR1=VALUE_TOKEN201906192344_1
TEST2VAR2=VALUE_TOKEN201906192344_2
TEST2VAR3=VALUE_TOKEN201906192344_3
TEST2VAR4=VALUE_TOKEN201906192344_4
TEST2VAR5=VALUE_TOKEN201906192344_5
TEST2VAR6=VALUE_TOKEN201906192344_6
TEST2VAR7=VALUE_TOKEN201906192344_7
TEST2VAR8=VALUE_TOKEN201906192344_8
TEST2VAR9=VALUE_TOKEN201906192344_9
OLDPWD=/Users/hugohow-choong/42/42sh/tests
__CF_USER_TEXT_ENCODING=0x1F5:0x0:0x1
TERM_PROGRAM=Apple_Terminal
_=/Users/hugohow-choong/42/42sh/minishell
TESTVAR1=VALUE_TOKEN201906192344_1
TESTVAR2=VALUE_TOKEN201906192344_2
TESTVAR3=VALUE_TOKEN201906192344_3
TESTVAR4=VALUE_TOKEN201906192344_4
TESTVAR5=VALUE_TOKEN201906192344_5
TESTVAR6=VALUE_TOKEN201906192344_6
TESTVAR7=VALUE_TOKEN201906192344_7
TESTVAR8=VALUE_TOKEN201906192344_8
TESTVAR9=VALUE_TOKEN201906192344_9
TESTVAR10=VALUE_TOKEN201906192344_10
------------------------------
TOTAL ENVIRONMENT VARIABLES: 49
------------------------------
SHELL=/bin/zsh
LSCOLORS=Gxfxcxdxbxegedabagacad
LESS=-R
XPC_FLAGS=0x0
TERM_PROGRAM_VERSION=388.1.3
SSH_AUTH_SOCK=/private/tmp/com.apple.launchd.1mMa91litE/Listeners
TERM_SESSION_ID=9180A2BF-968A-4C7E-BB2F-6420A7E89024
PWD=/Users/hugohow-choong/42/42sh/tests/tmp
LOGNAME=hugohow-choong
HOME=/Users/hugohow-choong
LANG=en_US.UTF-8
SECURITYSESSIONID=186a7
TMPDIR=/var/folders/7f/9kzlj6h169359rtzggmmg31c0000gn/T/
MFLAGS=
MAKEFLAGS=
TERM=xterm-256color
ZSH=/Users/hugohow-choong/.oh-my-zsh
USER=hugohow-choong
SHLVL=3
PAGER=less
MAKELEVEL=1
TEST2VAR10=VALUE_TOKEN201906192344_10
XPC_SERVICE_NAME=0
LC_CTYPE=en_US.UTF-8
Apple_PubSub_Socket_Render=/private/tmp/com.apple.launchd.aLw2PvgC71/Render
PATH=/usr/local/bin:/usr/bin:/bin:/usr/sbin:/sbin:/Applications/Wireshark.app/Contents/MacOS
TEST2VAR1=VALUE_TOKEN201906192344_1
TEST2VAR2=VALUE_TOKEN201906192344_2
TEST2VAR3=VALUE_TOKEN201906192344_3
TEST2VAR4=VALUE_TOKEN201906192344_4
TEST2VAR5=VALUE_TOKEN201906192344_5
TEST2VAR6=VALUE_TOKEN201906192344_6
TEST2VAR7=VALUE_TOKEN201906192344_7
TEST2VAR8=VALUE_TOKEN201906192344_8
TEST2VAR9=VALUE_TOKEN201906192344_9
OLDPWD=/Users/hugohow-choong/42/42sh/tests
__CF_USER_TEXT_ENCODING=0x1F5:0x0:0x1
TERM_PROGRAM=Apple_Terminal
_=/Users/hugohow-choong/42/42sh/minishell
TESTVAR1=VALUE_TOKEN201906192344_1
TESTVAR2=VALUE_TOKEN201906192344_2
TESTVAR3=VALUE_TOKEN201906192344_3
TESTVAR4=VALUE_TOKEN201906192344_4
TESTVAR5=VALUE_TOKEN201906192344_5
TESTVAR6=VALUE_TOKEN201906192344_6
TESTVAR7=VALUE_TOKEN201906192344_7
TESTVAR8=VALUE_TOKEN201906192344_8
TESTVAR9=VALUE_TOKEN201906192344_9
TESTVAR10=VALUE_TOKEN201906192344_10
------------------------------
TOTAL ENVIRONMENT VARIABLES: 49
