/bin/bash: line 1: setenv: command not found
/bin/bash: line 4: setenv: command not found
