./lib/main.sh: line 102: 98624 Segmentation fault: 11  /Users/hugohow-choong/42/42sh/minishell
