Too many arguments Argument list too longshell: command not found: exit
