------------------------------
------------------------------
TOTAL ENVIRONMENT VARIABLES: 0
