minishell: cd: Too many symbolic links: /Users/hugohow-choong/42/42sh/tests/tmp/symbolic_link1
