------------------------------

_=/Users/hugohow-choong/42/42sh/minishell
SHLVL=1
PWD=/Users/hugohow-choong/42/42sh/tests/tmp
------------------------------
TOTAL ENVIRONMENT VARIABLES: 4
