minishell(50662,0x7fffb7f363c0) malloc: *** error for object 0x7f8a704022a0: pointer being freed was not allocated
*** set a breakpoint in malloc_error_break to debug
./lib/main.sh: line 102: 50662 Abort trap: 6           /Users/hugohow-choong/42/42sh/minishell
