minishell: cd: Permission denied: /Users/hugohow-choong/42/42sh/tests/tmp/permission_denied
