./lib/main.sh: line 102:  6989 Segmentation fault: 11  /nfs/2018/h/hhow-cho/42/42sh/minishell
