PWD:/nfs/2018/h/hhow-cho/42/42sh/tests/tmp/sub_directory:PWD
------------------------------
TERM_PROGRAM=iTerm.app
TERM=xterm-256color
HOMEBREW_TEMP=/tmp/hhow-cho/Homebrew/Temp
SHELL=/bin/zsh
MAKEFLAGS=
TMPDIR=/var/folders/zz/zyxvpxvq6csfxvn_n000431w0010rg/T/
Apple_PubSub_Socket_Render=/private/tmp/com.apple.launchd.TkJB2aAD2z/Render
TERM_PROGRAM_VERSION=3.2.9
OLDPWD=/nfs/2018/h/hhow-cho/42/42sh/tests/tmp
TERM_SESSION_ID=w0t0p0:2735B225-005B-4EAC-BCDA-FE9A596CC8FF
ZSH=/nfs/2018/h/hhow-cho/.oh-my-zsh
USER=hhow-cho
SSH_AUTH_SOCK=/private/tmp/com.apple.launchd.GcgCXShx6w/Listeners
__CF_USER_TEXT_ENCODING=0x830F:0:0
MAKELEVEL=1
PAGER=less
MFLAGS=
HOMEBREW_CACHE=/tmp/hhow-cho/Homebrew/Caches
LSCOLORS=Gxfxcxdxbxegedabagacad
PATH=/nfs/2018/h/hhow-cho/.brew/bin:/usr/bin:/bin:/usr/sbin:/sbin:/usr/local/bin:/Applications/VMware Fusion.app/Contents/Public/:/Library/Frameworks/Mono.framework/Versions/Current/Commands:/usr/local/munki
PWD=/nfs/2018/h/hhow-cho/42/42sh/tests/tmp/symbolic_link2
LANG=en_US.UTF-8
ITERM_PROFILE=Default
XPC_FLAGS=0x0
XPC_SERVICE_NAME=0
COLORFGBG=7;0
SHLVL=4
HOME=/nfs/2018/h/hhow-cho
ITERM_SESSION_ID=w0t0p0:2735B225-005B-4EAC-BCDA-FE9A596CC8FF
LESS=-R
LOGNAME=hhow-cho
LC_CTYPE=en_US.UTF-8
COLORTERM=truecolor
_=/nfs/2018/h/hhow-cho/42/42sh/tests/tmp/display_env
------------------------------
TOTAL ENVIRONMENT VARIABLES: 34
