/usr/local/bin/bash: line 1: ./permission_denied: Permission denied
