cd: No such file or directory: ./no_such_file_or_directory
