env: illegal option -- w
usage: env [-i] [name=value ...] [utility [argument ...]]
shell: command not found: -w
