/usr/local/bin/bash: line 1: setenv: command not found
