minishell: cd: No such file or directory: /Users/hugohow-choong/42/42sh/tests/tmp/no_such_file_or_directory
