------------------------------
_=/Users/hugohow-choong/42/42sh/minishell
PWD=/Users/hugohow-choong/42/42sh/tests/tmp
SHLVL=1
SHLVL=1
------------------------------
TOTAL ENVIRONMENT VARIABLES: 4
