PWD:/Users/hugohow-choong/42/42sh/tests/tmp:PWD
------------------------------
SHELL=/bin/zsh
LSCOLORS=Gxfxcxdxbxegedabagacad
LESS=-R
XPC_FLAGS=0x0
TERM_PROGRAM_VERSION=388.1.3
SSH_AUTH_SOCK=/private/tmp/com.apple.launchd.1mMa91litE/Listeners
TERM_SESSION_ID=FD009BAD-884F-4D88-B183-A14F67ABF1CA
PWD=/Users/hugohow-choong/42/42sh/tests/tmp
LOGNAME=hugohow-choong
HOME=/Users/hugohow-choong
LANG=en_US.UTF-8
SECURITYSESSIONID=186a7
TMPDIR=/var/folders/7f/9kzlj6h169359rtzggmmg31c0000gn/T/
MFLAGS=
MAKEFLAGS=
TERM=xterm-256color
ZSH=/Users/hugohow-choong/.oh-my-zsh
USER=hugohow-choong
SHLVL=4
PAGER=less
MAKELEVEL=1
XPC_SERVICE_NAME=0
LC_CTYPE=en_US.UTF-8
Apple_PubSub_Socket_Render=/private/tmp/com.apple.launchd.aLw2PvgC71/Render
PATH=/usr/local/bin:/usr/bin:/bin:/usr/sbin:/sbin:/Applications/Wireshark.app/Contents/MacOS
__CF_USER_TEXT_ENCODING=0x1F5:0x0:0x1
TERM_PROGRAM=Apple_Terminal
OLDPWD=/Users/hugohow-choong/42/42sh/tests
_=/bin/csh
HOSTTYPE=unknown
VENDOR=apple
OSTYPE=darwin
MACHTYPE=x86_64
GROUP=staff
HOST=MBP-de-Hugo
------------------------------
TOTAL ENVIRONMENT VARIABLES: 35
