minishell: cd: Too many symbolic links: /Users/hugohow-choong/42/42sh/tests/tmp/enoent_symlink
