no_such_file_or_directory: No such file or directory.
