------------------------------
PWD=/Users/hugohow-choong/42/42sh/tests/tmp
SHLVL=1
_=./display_env
------------------------------
TOTAL ENVIRONMENT VARIABLES: 3
