------------------------------
TESTVARIABLE=TOKEN201906210025
------------------------------
TOTAL ENVIRONMENT VARIABLES: 1
