------------------------------
TERM_PROGRAM=iTerm.app
TERM=xterm-256color
HOMEBREW_TEMP=/tmp/hhow-cho/Homebrew/Temp
SHELL=/bin/zsh
MAKEFLAGS=
TMPDIR=/var/folders/zz/zyxvpxvq6csfxvn_n000431w0010rg/T/
Apple_PubSub_Socket_Render=/private/tmp/com.apple.launchd.TkJB2aAD2z/Render
TERM_PROGRAM_VERSION=3.2.9
TERM_SESSION_ID=w0t0p0:2735B225-005B-4EAC-BCDA-FE9A596CC8FF
ZSH=/nfs/2018/h/hhow-cho/.oh-my-zsh
USER=hhow-cho
SSH_AUTH_SOCK=/private/tmp/com.apple.launchd.GcgCXShx6w/Listeners
__CF_USER_TEXT_ENCODING=0x830F:0:0
MAKELEVEL=1
PAGER=less
MFLAGS=
HOMEBREW_CACHE=/tmp/hhow-cho/Homebrew/Caches
LSCOLORS=Gxfxcxdxbxegedabagacad
PATH=/nfs/2018/h/hhow-cho/.brew/bin:/usr/bin:/bin:/usr/sbin:/sbin:/usr/local/bin:/Applications/VMware Fusion.app/Contents/Public/:/Library/Frameworks/Mono.framework/Versions/Current/Commands:/usr/local/munki
PWD=/nfs/2018/h/hhow-cho/42/42sh/tests/tmp
LANG=en_US.UTF-8
ITERM_PROFILE=Default
XPC_FLAGS=0x0
TEST2VAR10=OLD_TOKEN201906161803_10
XPC_SERVICE_NAME=0
COLORFGBG=7;0
SHLVL=4
HOME=/nfs/2018/h/hhow-cho
ITERM_SESSION_ID=w0t0p0:2735B225-005B-4EAC-BCDA-FE9A596CC8FF
LESS=-R
LOGNAME=hhow-cho
LC_CTYPE=en_US.UTF-8
TEST2VAR9=OLD_TOKEN201906161803_9
TEST2VAR8=OLD_TOKEN201906161803_8
TEST2VAR7=OLD_TOKEN201906161803_7
TEST2VAR6=OLD_TOKEN201906161803_6
TEST2VAR5=OLD_TOKEN201906161803_5
TEST2VAR4=OLD_TOKEN201906161803_4
TEST2VAR3=OLD_TOKEN201906161803_3
TEST2VAR2=OLD_TOKEN201906161803_2
TEST2VAR1=OLD_TOKEN201906161803_1
COLORTERM=truecolor
_=./display_env
------------------------------
TOTAL ENVIRONMENT VARIABLES: 43
------------------------------
TERM_PROGRAM=iTerm.app
TERM=xterm-256color
HOMEBREW_TEMP=/tmp/hhow-cho/Homebrew/Temp
SHELL=/bin/zsh
MAKEFLAGS=
TMPDIR=/var/folders/zz/zyxvpxvq6csfxvn_n000431w0010rg/T/
Apple_PubSub_Socket_Render=/private/tmp/com.apple.launchd.TkJB2aAD2z/Render
TERM_PROGRAM_VERSION=3.2.9
TERM_SESSION_ID=w0t0p0:2735B225-005B-4EAC-BCDA-FE9A596CC8FF
ZSH=/nfs/2018/h/hhow-cho/.oh-my-zsh
USER=hhow-cho
SSH_AUTH_SOCK=/private/tmp/com.apple.launchd.GcgCXShx6w/Listeners
__CF_USER_TEXT_ENCODING=0x830F:0:0
MAKELEVEL=1
PAGER=less
MFLAGS=
HOMEBREW_CACHE=/tmp/hhow-cho/Homebrew/Caches
LSCOLORS=Gxfxcxdxbxegedabagacad
PATH=/nfs/2018/h/hhow-cho/.brew/bin:/usr/bin:/bin:/usr/sbin:/sbin:/usr/local/bin:/Applications/VMware Fusion.app/Contents/Public/:/Library/Frameworks/Mono.framework/Versions/Current/Commands:/usr/local/munki
PWD=/nfs/2018/h/hhow-cho/42/42sh/tests/tmp
LANG=en_US.UTF-8
ITERM_PROFILE=Default
XPC_FLAGS=0x0
TEST2VAR10=OLD_TOKEN201906161803_10
XPC_SERVICE_NAME=0
COLORFGBG=7;0
SHLVL=4
HOME=/nfs/2018/h/hhow-cho
ITERM_SESSION_ID=w0t0p0:2735B225-005B-4EAC-BCDA-FE9A596CC8FF
LESS=-R
LOGNAME=hhow-cho
LC_CTYPE=en_US.UTF-8
TEST2VAR9=OLD_TOKEN201906161803_9
TEST2VAR8=OLD_TOKEN201906161803_8
TEST2VAR7=OLD_TOKEN201906161803_7
TEST2VAR6=OLD_TOKEN201906161803_6
TEST2VAR5=OLD_TOKEN201906161803_5
TEST2VAR4=OLD_TOKEN201906161803_4
TEST2VAR3=OLD_TOKEN201906161803_3
TEST2VAR2=OLD_TOKEN201906161803_2
TEST2VAR1=OLD_TOKEN201906161803_1
COLORTERM=truecolor
_=./display_env
------------------------------
TOTAL ENVIRONMENT VARIABLES: 43
------------------------------
TERM_PROGRAM=iTerm.app
TERM=xterm-256color
HOMEBREW_TEMP=/tmp/hhow-cho/Homebrew/Temp
SHELL=/bin/zsh
MAKEFLAGS=
TMPDIR=/var/folders/zz/zyxvpxvq6csfxvn_n000431w0010rg/T/
Apple_PubSub_Socket_Render=/private/tmp/com.apple.launchd.TkJB2aAD2z/Render
TERM_PROGRAM_VERSION=3.2.9
TESTVAR10=VALUE_TOKEN201906161803_10
TERM_SESSION_ID=w0t0p0:2735B225-005B-4EAC-BCDA-FE9A596CC8FF
ZSH=/nfs/2018/h/hhow-cho/.oh-my-zsh
TESTVAR5=VALUE_TOKEN201906161803_5
TESTVAR4=VALUE_TOKEN201906161803_4
USER=hhow-cho
TESTVAR7=VALUE_TOKEN201906161803_7
TESTVAR6=VALUE_TOKEN201906161803_6
TESTVAR1=VALUE_TOKEN201906161803_1
TESTVAR3=VALUE_TOKEN201906161803_3
SSH_AUTH_SOCK=/private/tmp/com.apple.launchd.GcgCXShx6w/Listeners
TESTVAR2=VALUE_TOKEN201906161803_2
__CF_USER_TEXT_ENCODING=0x830F:0:0
MAKELEVEL=1
PAGER=less
MFLAGS=
HOMEBREW_CACHE=/tmp/hhow-cho/Homebrew/Caches
LSCOLORS=Gxfxcxdxbxegedabagacad
TESTVAR9=VALUE_TOKEN201906161803_9
TESTVAR8=VALUE_TOKEN201906161803_8
PATH=/nfs/2018/h/hhow-cho/.brew/bin:/usr/bin:/bin:/usr/sbin:/sbin:/usr/local/bin:/Applications/VMware Fusion.app/Contents/Public/:/Library/Frameworks/Mono.framework/Versions/Current/Commands:/usr/local/munki
PWD=/nfs/2018/h/hhow-cho/42/42sh/tests/tmp
LANG=en_US.UTF-8
ITERM_PROFILE=Default
XPC_FLAGS=0x0
TEST2VAR10=VALUE_TOKEN201906161803_10
XPC_SERVICE_NAME=0
COLORFGBG=7;0
SHLVL=4
HOME=/nfs/2018/h/hhow-cho
ITERM_SESSION_ID=w0t0p0:2735B225-005B-4EAC-BCDA-FE9A596CC8FF
LESS=-R
LOGNAME=hhow-cho
LC_CTYPE=en_US.UTF-8
TEST2VAR9=VALUE_TOKEN201906161803_9
TEST2VAR8=VALUE_TOKEN201906161803_8
TEST2VAR7=VALUE_TOKEN201906161803_7
TEST2VAR6=VALUE_TOKEN201906161803_6
TEST2VAR5=VALUE_TOKEN201906161803_5
TEST2VAR4=VALUE_TOKEN201906161803_4
TEST2VAR3=VALUE_TOKEN201906161803_3
TEST2VAR2=VALUE_TOKEN201906161803_2
TEST2VAR1=VALUE_TOKEN201906161803_1
COLORTERM=truecolor
_=./display_env
------------------------------
TOTAL ENVIRONMENT VARIABLES: 53
