------------------------------
TESTVARIABLE=TOKEN201907061718
------------------------------
TOTAL ENVIRONMENT VARIABLES: 1
