minishell setenv: not valid. must begin with a letter
minishell: command not found: export
